// Jest Snapshot v1, https://goo.gl/fbAQLP

exports[`app snapshot test 1`] = `
<div
  className="fixed top-0 h-screen min-h-[500px] w-full flex items-center justify-center bg-[url('../images/star-wars-bg.jpeg')] mix-blend-soft-light"
>
  <img
    alt="chewbacca head"
    className="h-52 object-contain  animate-spin "
    src="chewbacca.png"
  />
</div>
`;
